    Checking limma v0.1.0 (C:\limma\backend)
warning: unused import: `DetectedTechnology`
 --> src\infrastructure\scanner\crawler.rs:1:75
  |
1 | use crate::domain::entities::{ScannedPage, ScanEvent, RedirectChainEntry, DetectedTechnology};
  |                                                                           ^^^^^^^^^^^^^^^^^^
  |
  = note: `#[warn(unused_imports)]` (part of `#[warn(unused)]`) on by default

warning: unused import: `RedirectChainEntry`
 --> src\infrastructure\scanner.rs:7:46
  |
7 | use crate::domain::entities::{WebScanResult, RedirectChainEntry, CertaintyLevel, CertaintyNote};
  |                                              ^^^^^^^^^^^^^^^^^^

warning: unused import: `std::collections::HashSet`
 --> src\infrastructure\discoverer\html_analyzer.rs:3:5
  |
3 | use std::collections::HashSet;
  |     ^^^^^^^^^^^^^^^^^^^^^^^^^

warning: unused import: `std::time::Duration`
  --> src\infrastructure\collector\mod.rs:22:5
   |
22 | use std::time::Duration;
   |     ^^^^^^^^^^^^^^^^^^^

warning: unused import: `Method`
 --> src\infrastructure\auditor\autonomous_verification.rs:2:23
  |
2 | use reqwest::{Client, Method, header};
  |                       ^^^^^^

warning: unused import: `std::collections::HashMap`
 --> src\infrastructure\auditor\learning_feedback.rs:2:5
  |
2 | use std::collections::HashMap;
  |     ^^^^^^^^^^^^^^^^^^^^^^^^^

warning: unused import: `normalizer::*`
  --> src\infrastructure\auditor\mod.rs:16:9
   |
16 | pub use normalizer::*;
   |         ^^^^^^^^^^^^^

warning: unused import: `engine::*`
  --> src\infrastructure\auditor\mod.rs:17:9
   |
17 | pub use engine::*;
   |         ^^^^^^^^^

warning: unused import: `correlator::*`
  --> src\infrastructure\auditor\mod.rs:18:9
   |
18 | pub use correlator::*;
   |         ^^^^^^^^^^^^^

warning: unused import: `canonicalizer::*`
  --> src\infrastructure\auditor\mod.rs:19:9
   |
19 | pub use canonicalizer::*;
   |         ^^^^^^^^^^^^^^^^

warning: unused import: `exploitability::*`
  --> src\infrastructure\auditor\mod.rs:20:9
   |
20 | pub use exploitability::*;
   |         ^^^^^^^^^^^^^^^^^

warning: unused import: `attack_path_correlator::*`
  --> src\infrastructure\auditor\mod.rs:21:9
   |
21 | pub use attack_path_correlator::*;
   |         ^^^^^^^^^^^^^^^^^^^^^^^^^

warning: unused import: `autonomous_verification::*`
  --> src\infrastructure\auditor\mod.rs:22:9
   |
22 | pub use autonomous_verification::*;
   |         ^^^^^^^^^^^^^^^^^^^^^^^^^^

warning: unused import: `confidence_calibration::*`
  --> src\infrastructure\auditor\mod.rs:23:9
   |
23 | pub use confidence_calibration::*;
   |         ^^^^^^^^^^^^^^^^^^^^^^^^^

warning: unused import: `threat_prioritization::*`
  --> src\infrastructure\auditor\mod.rs:24:9
   |
24 | pub use threat_prioritization::*;
   |         ^^^^^^^^^^^^^^^^^^^^^^^^

warning: unused import: `learning_feedback::*`
  --> src\infrastructure\auditor\mod.rs:25:9
   |
25 | pub use learning_feedback::*;
   |         ^^^^^^^^^^^^^^^^^^^^

warning: unused import: `scorer::*`
  --> src\infrastructure\auditor\mod.rs:26:9
   |
26 | pub use scorer::*;
   |         ^^^^^^^^^

warning: unused import: `context_evaluator::*`
  --> src\infrastructure\auditor\mod.rs:27:9
   |
27 | pub use context_evaluator::*;
   |         ^^^^^^^^^^^^^^^^^^^^

error[E0609]: no field `discovered_endpoints` on type `&entities::ApiDiscoveryResult`
  --> src\application\scan_strategy.rs:29:34
   |
29 |         for ep in &api_discovery.discovered_endpoints {
   |                                  ^^^^^^^^^^^^^^^^^^^^ unknown field
   |
   = note: available fields are: `base_url`, `detected_endpoints`, `suspected_api_technologies`, `metrics`, `discovery_certainty`

error[E0063]: missing field `learning_impact` in initializer of `entities::PriorityAssessment`
  --> src\infrastructure\auditor\threat_prioritization.rs:60:45
   |
60 |             path.priority_assessment = Some(PriorityAssessment {
   |                                             ^^^^^^^^^^^^^^^^^^ missing `learning_impact`

warning: unused variable: `shop`
   --> src\infrastructure\investigator.rs:329:25
    |
329 |             if let Some(shop) = raw_headers.get("x-shopid") {
    |                         ^^^^ help: if this is intentional, prefix it with an underscore: `_shop`
    |
    = note: `#[warn(unused_variables)]` (part of `#[warn(unused)]`) on by default

warning: unused variable: `pp`
   --> src\infrastructure\investigator.rs:619:21
    |
619 |         if let Some(pp) = raw_headers.get("permissions-policy") {
    |                     ^^ help: if this is intentional, prefix it with an underscore: `_pp`

warning: unused variable: `base_url`
  --> src\infrastructure\discoverer\html_analyzer.rs:19:35
   |
19 |     pub fn parse(html_body: &str, base_url: &Url) -> HtmlAnalysisRes {
   |                                   ^^^^^^^^ help: if this is intentional, prefix it with an underscore: `_base_url`

warning: variable does not need to be mutable
  --> src\infrastructure\collector\mod.rs:38:13
   |
38 |         let mut errors = Vec::new();
   |             ----^^^^^^
   |             |
   |             help: remove this `mut`
   |
   = note: `#[warn(unused_mut)]` (part of `#[warn(unused)]`) on by default

warning: value assigned to `reasoning` is never read
  --> src\infrastructure\auditor\exploitability.rs:29:29
   |
29 |         let mut reasoning = String::new();
   |                             ^^^^^^^^^^^^^
   |
   = help: maybe it is overwritten before being read?
   = note: `#[warn(unused_assignments)]` (part of `#[warn(unused)]`) on by default

warning: unused variable: `shared`
  --> src\infrastructure\auditor\attack_path_correlator.rs:91:13
   |
91 |         let shared: Vec<String> = self.get_shared_routes(cookie, intercept).into_iter().collect();
   |             ^^^^^^ help: if this is intentional, prefix it with an underscore: `_shared`

error[E0384]: cannot assign twice to immutable variable `reliability_coefficient`
   --> src\infrastructure\auditor\confidence_calibration.rs:125:13
    |
 81 |             let reliability_coefficient = if metrics.total_observations > 0 {
    |                 ----------------------- first assignment to `reliability_coefficient`
...
125 |             reliability_coefficient = reliability_coefficient * learning_impact.confidence_multiplier;
    |             ^^^^^^^^^^^^^^^^^^^^^^^^^^^^^^^^^^^^^^^^^^^^^^^^^^^^^^^^^^^^^^^^^^^^^^^^^^^^^^^^^^^^^^^^^ cannot assign twice to immutable variable
    |
help: consider making this binding mutable
    |
 81 |             let mut reliability_coefficient = if metrics.total_observations > 0 {
    |                 +++

warning: unused variable: `reasons`
   --> src\infrastructure\auditor\threat_prioritization.rs:176:34
    |
176 |     fn score_to_level(score: u8, reasons: &Vec<String>) -> PriorityLevel {
    |                                  ^^^^^^^ help: if this is intentional, prefix it with an underscore: `_reasons`

warning: value assigned to `finding_score` is never read
  --> src\infrastructure\auditor\scorer.rs:12:38
   |
12 |         let mut finding_score: u32 = 0;
   |                                      ^
   |
   = help: maybe it is overwritten before being read?

warning: value assigned to `finding_score` is never read
   --> src\infrastructure\auditor\scorer.rs:100:9
    |
100 |         finding_score = raw.clamp(0, 100) as u32;
    |         ^^^^^^^^^^^^^^^^^^^^^^^^^^^^^^^^^^^^^^^^
    |
    = help: maybe it is overwritten before being read?

warning: variable `total_score` is assigned to, but never used
   --> src\infrastructure\auditor\scorer.rs:400:13
    |
400 |         let mut total_score: u64 = 0;
    |             ^^^^^^^^^^^^^^^
    |
    = note: consider using `_total_score` instead

warning: value assigned to `total_score` is never read
   --> src\infrastructure\auditor\scorer.rs:412:13
    |
412 |             total_score += score.total_score as u64;
    |             ^^^^^^^^^^^^^^^^^^^^^^^^^^^^^^^^^^^^^^^
    |
    = help: maybe it is overwritten before being read?

Some errors have detailed explanations: E0063, E0384, E0609.
For more information about an error, try `rustc --explain E0063`.
warning: `limma` (bin "limma") generated 29 warnings
error: could not compile `limma` (bin "limma") due to 3 previous errors; 29 warnings emitted
