warning: unused import: `DetectedTechnology`
 --> src\infrastructure\scanner\crawler.rs:1:75
  |
1 | ...y, DetectedTechnology};
  |       ^^^^^^^^^^^^^^^^^^
  |
  = note: `#[warn(unused_imports)]` (part of `#[warn(unused)]`) on by default

warning: unused import: `RedirectChainEntry`
 --> src\infrastructure\scanner.rs:7:46
  |
7 | ...t, RedirectChainEntry};
  |       ^^^^^^^^^^^^^^^^^^

warning: unused import: `std::collections::HashSet`
 --> src\infrastructure\discoverer\html_analyzer.rs:3:5
  |
3 | use std::collections::HashSet;
  |     ^^^^^^^^^^^^^^^^^^^^^^^^^

warning: unused import: `std::time::Duration`
  --> src\infrastructure\collector\mod.rs:21:5
   |
21 | use std::time::Duration;
   |     ^^^^^^^^^^^^^^^^^^^

warning: unused import: `normalizer::*`
 --> src\infrastructure\auditor\mod.rs:7:9
  |
7 | pub use normalizer::*;
  |         ^^^^^^^^^^^^^

warning: unused import: `engine::*`
 --> src\infrastructure\auditor\mod.rs:8:9
  |
8 | pub use engine::*;
  |         ^^^^^^^^^

warning: unused import: `correlator::*`
 --> src\infrastructure\auditor\mod.rs:9:9
  |
9 | pub use correlator::*;
  |         ^^^^^^^^^^^^^

warning: unused variable: `shop`
   --> src\infrastructure\investigator.rs:328:25
    |
328 | ...Some(shop) = ra...
    |         ^^^^ help: if this is intentional, prefix it with an underscore: `_shop`
    |
    = note: `#[warn(unused_variables)]` (part of `#[warn(unused)]`) on by default

warning: unused variable: `pp`
   --> src\infrastructure\investigator.rs:616:21
    |
616 | ...Some(pp) = raw_...
    |         ^^ help: if this is intentional, prefix it with an underscore: `_pp`

warning: unused variable: `base_url`
  --> src\infrastructure\discoverer\html_analyzer.rs:19:35
   |
19 | ...r, base_url: &Ur...
   |       ^^^^^^^^ help: if this is intentional, prefix it with an underscore: `_base_url`

warning: variable does not need to be mutable
  --> src\infrastructure\collector\mod.rs:37:13
   |
37 | ...et mut errors = ...
   |       ----^^^^^^
   |       |
   |       help: remove this `mut`
   |
   = note: `#[warn(unused_mut)]` (part of `#[warn(unused)]`) on by default

warning: struct `CorrelationGroup` is never constructed
   --> src\domain\entities.rs:791:12
    |
791 | ...ct CorrelationGroup {
    |       ^^^^^^^^^^^^^^^^
    |
    = note: `#[warn(dead_code)]` (part of `#[warn(unused)]`) on by default

warning: fields `is_minified` and `has_sourcemap` are never read
 --> src\infrastructure\discoverer\js_collector.rs:5:9
  |
4 | ...truct JsFileAnalysis {
  |          -------------- fields in this struct
5 | ...ub is_minified: bool,
  |       ^^^^^^^^^^^
6 | ...ub has_sourcemap: bool,
  |       ^^^^^^^^^^^^^
  |
  = note: `JsFileAnalysis` has a derived impl for the trait `Debug`, but this is intentionally ignored during dead code analysis

warning: function `service_hint_from_banner` is never used
  --> src\infrastructure\collector\banner_probe.rs:62:8
   |
62 | ...fn service_hint_from_banner(ev...
   |       ^^^^^^^^^^^^^^^^^^^^^^^^

warning: struct `UserResponse` is never constructed
  --> src\api\models.rs:10:12
   |
10 | ...ct UserResponse {
   |       ^^^^^^^^^^^^

warning: `limma` (bin "limma") generated 15 warnings (run `cargo fix --bin "limma" -p limma` to apply 11 suggestions)
    Finished `dev` profile [unoptimized + debuginfo] target(s) in 0.69s
